2025-05-23 16:28:01 - Запуск теста всех запросов
2025-05-23 16:28:01 - Инициализация базы данных из XML
2025-05-23 16:28:01 - Загрузка данных из XML-файла
2025-05-23 16:28:48 - Запуск теста всех запросов
2025-05-23 16:28:48 - Инициализация базы данных из XML
2025-05-23 16:28:48 - Загрузка данных из XML-файла
2025-05-23 16:28:48 - Запрос: Найти всех близнецов
2025-05-23 16:28:48 - Запрос: Найти детей, родившихся в заданном году
2025-05-23 16:28:48 - Запрос: Найти работающих жен с доходом больше заданной суммы
2025-05-23 16:28:48 - Запрос: Найти фамилии людей с заданным числом детей
2025-05-23 16:28:48 - Запрос: Найти самого старшего ребенка
2025-05-23 16:28:48 - Сохранение данных в XML-файл
2025-05-23 16:28:48 - Тест завершен
2025-05-29 06:28:28 - Запуск теста всех запросов
2025-05-29 06:28:28 - Инициализация базы данных из XML
2025-05-29 06:28:28 - Загрузка данных из XML-файла
2025-05-29 06:28:28 - Запрос: Найти людей с доходом меньше заданного
2025-05-29 06:28:28 - Запрос: Найти детей младше заданного возраста
2025-05-29 06:28:28 - Запрос: Найти неработающих жен, родившихся после заданного года
2025-05-29 06:28:28 - Запрос: Найти детей с разницей в возрасте родителей больше заданной
2025-05-29 06:28:28 - Запрос: Подсчитать количество семей с двумя детьми
2025-05-29 06:28:28 - Сохранение данных в XML-файл
2025-05-29 06:28:28 - Тест завершен
2025-05-29 06:30:08 - Запуск теста всех запросов
2025-05-29 06:30:08 - Инициализация базы данных из XML
2025-05-29 06:30:08 - Загрузка данных из XML-файла
2025-05-29 06:30:08 - Запрос: Найти людей с доходом меньше заданного
2025-05-29 06:30:08 - Запрос: Найти детей младше заданного возраста
2025-05-29 06:30:08 - Запрос: Найти неработающих жен, родившихся после заданного года
2025-05-29 06:30:08 - Запрос: Найти детей с разницей в возрасте родителей больше заданной
2025-05-29 06:30:08 - Запрос: Подсчитать количество семей с двумя детьми
2025-05-29 06:30:08 - Сохранение данных в XML-файл
2025-05-29 06:30:08 - Тест завершен
2025-05-29 06:33:24 - Запуск теста всех запросов
2025-05-29 06:33:24 - Инициализация базы данных из XML
2025-05-29 06:33:24 - Загрузка данных из XML-файла
2025-05-29 06:33:24 - Запрос: Найти людей с доходом меньше заданного
2025-05-29 06:33:24 - Запрос: Найти детей младше заданного возраста
2025-05-29 06:33:24 - Запрос: Найти неработающих жен, родившихся после заданного года
2025-05-29 06:33:24 - Запрос: Найти детей с разницей в возрасте родителей больше заданной
2025-05-29 06:33:24 - Запрос: Подсчитать количество семей с двумя детьми
2025-05-29 06:33:24 - Сохранение данных в XML-файл
2025-05-29 06:33:24 - Тест завершен
2025-05-29 07:12:55 - Запуск теста всех запросов
2025-05-29 07:12:55 - Инициализация базы данных из XML
2025-05-29 07:12:55 - Загрузка данных из XML-файла
2025-05-29 07:12:55 - Запрос: Найти людей с доходом меньше заданного
2025-05-29 07:12:55 - Запрос: Найти детей младше заданного возраста
2025-05-29 07:12:55 - Запрос: Найти неработающих жен, родившихся после заданного года
2025-05-29 07:12:55 - Запрос: Найти детей с разницей в возрасте родителей больше заданной
2025-05-29 07:12:55 - Запрос: Подсчитать количество семей с двумя детьми
2025-05-29 07:12:55 - Сохранение данных в XML-файл
2025-05-29 07:12:55 - Тест завершен
2025-05-29 07:15:04 - Запуск теста всех запросов
2025-05-29 07:15:04 - Инициализация базы данных из XML
2025-05-29 07:15:04 - Загрузка данных из XML-файла
2025-05-29 07:15:04 - Запрос: Найти людей с доходом меньше заданного
2025-05-29 07:15:04 - Запрос: Найти детей младше заданного возраста
2025-05-29 07:15:04 - Запрос: Найти неработающих жен, родившихся после заданного года
2025-05-29 07:15:04 - Запрос: Найти детей с разницей в возрасте родителей больше заданной
2025-05-29 07:15:04 - Запрос: Подсчитать количество семей с двумя детьми
2025-05-29 07:15:04 - Сохранение данных в XML-файл
2025-05-29 07:15:04 - Тест завершен
2025-05-29 07:15:45 - Запуск теста всех запросов
2025-05-29 07:15:45 - Инициализация базы данных из XML
2025-05-29 07:15:45 - Загрузка данных из XML-файла
2025-05-29 07:15:45 - Запрос: Найти людей с доходом меньше заданного
2025-05-29 07:15:45 - Запрос: Найти детей младше заданного возраста
2025-05-29 07:15:45 - Запрос: Найти неработающих жен, родившихся после заданного года
2025-05-29 07:15:45 - Запрос: Найти детей с разницей в возрасте родителей больше заданной
2025-05-29 07:15:45 - Запрос: Подсчитать количество семей с двумя детьми
2025-05-29 07:15:45 - Сохранение данных в XML-файл
2025-05-29 07:15:45 - Тест завершен
2025-05-29 07:16:16 - Запуск теста всех запросов
2025-05-29 07:16:16 - Инициализация базы данных из XML
2025-05-29 07:16:16 - Загрузка данных из XML-файла
2025-05-29 07:16:16 - Запрос: Найти людей с доходом меньше заданного
2025-05-29 07:16:16 - Запрос: Найти детей младше заданного возраста
2025-05-29 07:16:16 - Запрос: Найти неработающих жен, родившихся после заданного года
2025-05-29 07:16:16 - Запрос: Найти детей с разницей в возрасте родителей больше заданной
2025-05-29 07:16:16 - Запрос: Подсчитать количество семей с двумя детьми
2025-05-29 07:16:16 - Сохранение данных в XML-файл
2025-05-29 07:16:16 - Тест завершен
2025-05-29 07:17:24 - Запуск теста всех запросов
2025-05-29 07:17:24 - Инициализация базы данных из XML
2025-05-29 07:17:24 - Загрузка данных из XML-файла
2025-05-29 07:17:24 - Запрос: Найти людей с доходом меньше заданного
2025-05-29 07:17:24 - Запрос: Найти детей младше заданного возраста
2025-05-29 07:17:24 - Запрос: Найти неработающих жен, родившихся после заданного года
2025-05-29 07:17:24 - Запрос: Найти детей с разницей в возрасте родителей больше заданной
2025-05-29 07:17:24 - Запрос: Подсчитать количество семей с двумя детьми
2025-05-29 07:17:24 - Сохранение данных в XML-файл
2025-05-29 07:17:24 - Тест завершен
2025-05-29 07:22:31 - Запуск теста всех запросов
2025-05-29 07:22:31 - Инициализация базы данных из XML
2025-05-29 07:22:31 - Загрузка данных из XML-файла
2025-05-29 07:22:31 - Запрос: Найти людей с доходом меньше заданного
2025-05-29 07:22:31 - Запрос: Найти детей младше заданного возраста
2025-05-29 07:22:31 - Запрос: Найти неработающих жен, родившихся после заданного года
2025-05-29 07:22:31 - Запрос: Найти детей с разницей в возрасте родителей больше заданной
2025-05-29 07:22:31 - Запрос: Найти самого младшего ребенка
2025-05-29 07:22:31 - Сохранение данных в XML-файл
2025-05-29 07:22:31 - Тест завершен
2025-05-29 07:28:27 - Запуск программы
2025-05-29 07:28:27 - Инициализация базы данных из XML
2025-05-29 07:28:27 - Загрузка данных из XML-файла
2025-05-29 07:28:27 - Запрос: Найти людей с доходом меньше заданной суммы
2025-05-29 07:28:27 - Запрос: Найти детей младше заданного возраста
2025-05-29 07:28:27 - Запрос: Найти неработающих жен, родившихся после заданного года
2025-05-29 07:28:27 - Запрос: Найти детей с разницей в возрасте родителей больше заданной величины
2025-05-29 07:28:27 - Запрос: Найти самого младшего ребенка
2025-05-29 07:28:27 - Сохранение данных в XML-файл
2025-05-29 07:28:27 - Программа завершена
2025-05-29 07:28:29 - Запуск программы
2025-05-29 07:28:29 - Инициализация базы данных из XML
2025-05-29 07:28:29 - Загрузка данных из XML-файла
2025-05-29 07:28:29 - Запрос: Найти людей с доходом меньше заданной суммы
2025-05-29 07:28:29 - Запрос: Найти детей младше заданного возраста
2025-05-29 07:28:29 - Запрос: Найти неработающих жен, родившихся после заданного года
2025-05-29 07:28:29 - Запрос: Найти детей с разницей в возрасте родителей больше заданной величины
2025-05-29 07:28:29 - Запрос: Найти самого младшего ребенка
2025-05-29 07:28:29 - Сохранение данных в XML-файл
2025-05-29 07:28:29 - Программа завершена
2025-05-29 07:28:34 - Запуск программы
2025-05-29 07:28:34 - Инициализация базы данных из XML
2025-05-29 07:28:34 - Загрузка данных из XML-файла
2025-05-29 07:28:34 - Запрос: Найти людей с доходом меньше заданной суммы
2025-05-29 07:28:34 - Запрос: Найти детей младше заданного возраста
2025-05-29 07:28:34 - Запрос: Найти неработающих жен, родившихся после заданного года
2025-05-29 07:28:34 - Запрос: Найти детей с разницей в возрасте родителей больше заданной величины
2025-05-29 07:28:34 - Запрос: Найти самого младшего ребенка
2025-05-29 07:28:34 - Сохранение данных в XML-файл
2025-05-29 07:28:34 - Программа завершена
2025-05-29 07:31:07 - Запуск программы
2025-05-29 07:31:07 - Инициализация базы данных из XML
2025-05-29 07:31:07 - Загрузка данных из XML-файла
2025-05-29 07:31:07 - Запрос: Найти людей с доходом меньше заданной суммы
2025-05-29 07:31:07 - Запрос: Найти детей младше заданного возраста
2025-05-29 07:31:07 - Запрос: Найти неработающих жен, родившихся после заданного года
2025-05-29 07:31:07 - Запрос: Найти детей с разницей в возрасте родителей больше заданной величины
2025-05-29 07:31:07 - Запрос: Найти самого младшего ребенка
2025-05-29 07:31:07 - Сохранение данных в XML-файл
2025-05-29 07:31:07 - Программа завершена
2025-05-29 07:31:53 - Запуск программы
2025-05-29 07:31:53 - Инициализация базы данных из XML
2025-05-29 07:31:53 - Загрузка данных из XML-файла
2025-05-29 07:31:53 - Запрос: Найти людей с доходом меньше заданной суммы
2025-05-29 07:31:53 - Запрос: Найти детей младше заданного возраста
2025-05-29 07:31:53 - Запрос: Найти неработающих жен, родившихся после заданного года
2025-05-29 07:31:53 - Запрос: Найти детей с разницей в возрасте родителей больше заданной величины
2025-05-29 07:31:53 - Запрос: Найти самого младшего ребенка
2025-05-29 07:31:53 - Сохранение данных в XML-файл
2025-05-29 07:31:53 - Программа завершена
2025-05-29 07:33:38 - Запуск программы
2025-05-29 07:33:38 - Инициализация базы данных из XML
2025-05-29 07:33:38 - Загрузка данных из XML-файла
2025-05-29 07:33:38 - XML успешно загружен, структура: ~w-[[element(people,[],[
    ,element(person,[first_name=Иван,patronymic=Петрович,last_name=Сидоров,birth_year=1980,gender=мужской,income=100000,is_twin=false],[]),
    ,element(person,[first_name=Мария,patronymic=Ивановна,last_name=Сидорова,birth_year=1982,gender=женский,income=85000,is_twin=false],[]),
    ,element(person,[first_name=Алексей,patronymic=Иванович,last_name=Сидоров,birth_year=2010,gender=мужской,income=0,is_twin=true],[]),
    ,element(person,[first_name=Анна,patronymic=Ивановна,last_name=Сидорова,birth_year=2010,gender=женский,income=0,is_twin=true],[]),
    ,element(person,[first_name=Петр,patronymic=Алексеевич,last_name=Иванов,birth_year=1975,gender=мужской,income=120000,is_twin=false],[]),
    ,element(person,[first_name=Елена,patronymic=Сергеевна,last_name=Иванова,birth_year=1978,gender=женский,income=90000,is_twin=false],[]),
    ,element(person,[first_name=Сергей,patronymic=Петрович,last_name=Иванов,birth_year=2005,gender=мужской,income=0,is_twin=false],[]),
    ,element(person,[first_name=Ольга,patronymic=Петровна,last_name=Иванова,birth_year=2005,gender=женский,income=0,is_twin=false],[]),
    ,element(person,[first_name=Дмитрий,patronymic=Васильевич,last_name=Кузнецов,birth_year=1985,gender=мужской,income=95000,is_twin=false],[]),
    ,element(person,[first_name=Светлана,patronymic=Андреевна,last_name=Кузнецова,birth_year=1987,gender=женский,income=80000,is_twin=false],[]),
    ,element(person,[first_name=Михаил,patronymic=Дмитриевич,last_name=Кузнецов,birth_year=2012,gender=мужской,income=0,is_twin=false],[]),
    ,element(person,[first_name=Николай,patronymic=Сергеевич,last_name=Петров,birth_year=1990,gender=мужской,income=110000,is_twin=false],[]),
    ,element(person,[first_name=Татьяна,patronymic=Николаевна,last_name=Петрова,birth_year=1992,gender=женский,income=87000,is_twin=false],[]),
    ,element(person,[first_name=Екатерина,patronymic=Николаевна,last_name=Петрова,birth_year=2015,gender=женский,income=0,is_twin=false],[]),
    ,element(person,[first_name=Владимир,patronymic=Игоревич,last_name=Смирнов,birth_year=1988,gender=мужской,income=105000,is_twin=false],[]),
    ,element(person,[first_name=Юлия,patronymic=Владимировна,last_name=Смирнова,birth_year=1990,gender=женский,income=88000,is_twin=false],[]),
    ,element(person,[first_name=Артем,patronymic=Владимирович,last_name=Смирнов,birth_year=2018,gender=мужской,income=0,is_twin=false],[]),
    ,element(family,[],[
        ,element(husband,[first_name=Иван,patronymic=Петрович,last_name=Сидоров],[]),
        ,element(wife,[first_name=Мария,patronymic=Ивановна,last_name=Сидорова],[]),
        ,element(children,[],[
            ,element(child,[first_name=Алексей,patronymic=Иванович,last_name=Сидоров],[]),
            ,element(child,[first_name=Анна,patronymic=Ивановна,last_name=Сидорова],[]),
        ]),
    ]),
    ,element(family,[],[
        ,element(husband,[first_name=Петр,patronymic=Алексеевич,last_name=Иванов],[]),
        ,element(wife,[first_name=Елена,patronymic=Сергеевна,last_name=Иванова],[]),
        ,element(children,[],[
            ,element(child,[first_name=Сергей,patronymic=Петрович,last_name=Иванов],[]),
            ,element(child,[first_name=Ольга,patronymic=Петровна,last_name=Иванова],[]),
        ]),
    ]),
    ,element(family,[],[
        ,element(husband,[first_name=Дмитрий,patronymic=Васильевич,last_name=Кузнецов],[]),
        ,element(wife,[first_name=Светлана,patronymic=Андреевна,last_name=Кузнецова],[]),
        ,element(children,[],[
            ,element(child,[first_name=Михаил,patronymic=Дмитриевич,last_name=Кузнецов],[]),
        ]),
    ]),
    ,element(family,[],[
        ,element(husband,[first_name=Николай,patronymic=Сергеевич,last_name=Петров],[]),
        ,element(wife,[first_name=Татьяна,patronymic=Николаевна,last_name=Петрова],[]),
        ,element(children,[],[
            ,element(child,[first_name=Екатерина,patronymic=Николаевна,last_name=Петрова],[]),
        ]),
    ]),
    ,element(family,[],[
        ,element(husband,[first_name=Владимир,patronymic=Игоревич,last_name=Смирнов],[]),
        ,element(wife,[first_name=Юлия,patronymic=Владимировна,last_name=Смирнова],[]),
        ,element(children,[],[
            ,element(child,[first_name=Артем,patronymic=Владимирович,last_name=Смирнов],[]),
        ]),
    ]),
])]]
2025-05-29 07:33:38 - Добавлен человек: ~w ~w ~w-[Иван,Петрович,Сидоров]
2025-05-29 07:33:38 - Добавлен человек: ~w ~w ~w-[Мария,Ивановна,Сидорова]
2025-05-29 07:33:38 - Добавлен человек: ~w ~w ~w-[Алексей,Иванович,Сидоров]
2025-05-29 07:33:38 - Добавлен человек: ~w ~w ~w-[Анна,Ивановна,Сидорова]
2025-05-29 07:33:38 - Добавлен человек: ~w ~w ~w-[Петр,Алексеевич,Иванов]
2025-05-29 07:33:38 - Добавлен человек: ~w ~w ~w-[Елена,Сергеевна,Иванова]
2025-05-29 07:33:38 - Добавлен человек: ~w ~w ~w-[Сергей,Петрович,Иванов]
2025-05-29 07:33:38 - Добавлен человек: ~w ~w ~w-[Ольга,Петровна,Иванова]
2025-05-29 07:33:38 - Добавлен человек: ~w ~w ~w-[Дмитрий,Васильевич,Кузнецов]
2025-05-29 07:33:38 - Добавлен человек: ~w ~w ~w-[Светлана,Андреевна,Кузнецова]
2025-05-29 07:33:38 - Добавлен человек: ~w ~w ~w-[Михаил,Дмитриевич,Кузнецов]
2025-05-29 07:33:38 - Добавлен человек: ~w ~w ~w-[Николай,Сергеевич,Петров]
2025-05-29 07:33:38 - Добавлен человек: ~w ~w ~w-[Татьяна,Николаевна,Петрова]
2025-05-29 07:33:38 - Добавлен человек: ~w ~w ~w-[Екатерина,Николаевна,Петрова]
2025-05-29 07:33:38 - Добавлен человек: ~w ~w ~w-[Владимир,Игоревич,Смирнов]
2025-05-29 07:33:38 - Добавлен человек: ~w ~w ~w-[Юлия,Владимировна,Смирнова]
2025-05-29 07:33:38 - Добавлен человек: ~w ~w ~w-[Артем,Владимирович,Смирнов]
2025-05-29 07:33:38 - Добавлен ребенок: ~w ~w ~w-[Алексей,Иванович,Сидоров]
2025-05-29 07:33:38 - Добавлен ребенок: ~w ~w ~w-[Анна,Ивановна,Сидорова]
2025-05-29 07:33:38 - Добавлена семья: ~w ~w - ~w ~w-[Иван,Сидоров,Мария,Сидорова]
2025-05-29 07:33:38 - Добавлен ребенок: ~w ~w ~w-[Сергей,Петрович,Иванов]
2025-05-29 07:33:38 - Добавлен ребенок: ~w ~w ~w-[Ольга,Петровна,Иванова]
2025-05-29 07:33:38 - Добавлена семья: ~w ~w - ~w ~w-[Петр,Иванов,Елена,Иванова]
2025-05-29 07:33:38 - Добавлен ребенок: ~w ~w ~w-[Михаил,Дмитриевич,Кузнецов]
2025-05-29 07:33:38 - Добавлена семья: ~w ~w - ~w ~w-[Дмитрий,Кузнецов,Светлана,Кузнецова]
2025-05-29 07:33:38 - Добавлен ребенок: ~w ~w ~w-[Екатерина,Николаевна,Петрова]
2025-05-29 07:33:38 - Добавлена семья: ~w ~w - ~w ~w-[Николай,Петров,Татьяна,Петрова]
2025-05-29 07:33:38 - Добавлен ребенок: ~w ~w ~w-[Артем,Владимирович,Смирнов]
2025-05-29 07:33:38 - Добавлена семья: ~w ~w - ~w ~w-[Владимир,Смирнов,Юлия,Смирнова]
2025-05-29 07:33:38 - Запрос: Найти людей с доходом меньше заданной суммы
2025-05-29 07:33:38 - Запрос: Найти детей младше заданного возраста
2025-05-29 07:33:38 - Запрос: Найти неработающих жен, родившихся после заданного года
2025-05-29 07:33:38 - Запрос: Найти детей с разницей в возрасте родителей больше заданной величины
2025-05-29 07:33:38 - Запрос: Найти самого младшего ребенка
2025-05-29 07:33:38 - Сохранение данных в XML-файл
2025-05-29 07:33:38 - Программа завершена
2025-05-29 07:34:23 - Запуск программы
2025-05-29 07:34:23 - Инициализация базы данных из XML
2025-05-29 07:34:23 - Загрузка данных из XML-файла
2025-05-29 07:34:23 - XML успешно загружен, структура: ~w-[[element(people,[],[
    ,element(person,[first_name=Иван,patronymic=Петрович,last_name=Сидоров,birth_year=1980,gender=мужской,income=100000,is_twin=false],[]),
    ,element(person,[first_name=Мария,patronymic=Ивановна,last_name=Сидорова,birth_year=1982,gender=женский,income=85000,is_twin=false],[]),
    ,element(person,[first_name=Алексей,patronymic=Иванович,last_name=Сидоров,birth_year=2010,gender=мужской,income=0,is_twin=true],[]),
    ,element(person,[first_name=Анна,patronymic=Ивановна,last_name=Сидорова,birth_year=2010,gender=женский,income=0,is_twin=true],[]),
    ,element(person,[first_name=Петр,patronymic=Алексеевич,last_name=Иванов,birth_year=1975,gender=мужской,income=120000,is_twin=false],[]),
    ,element(person,[first_name=Елена,patronymic=Сергеевна,last_name=Иванова,birth_year=1978,gender=женский,income=90000,is_twin=false],[]),
    ,element(person,[first_name=Сергей,patronymic=Петрович,last_name=Иванов,birth_year=2005,gender=мужской,income=0,is_twin=false],[]),
    ,element(person,[first_name=Ольга,patronymic=Петровна,last_name=Иванова,birth_year=2005,gender=женский,income=0,is_twin=false],[]),
    ,element(person,[first_name=Дмитрий,patronymic=Васильевич,last_name=Кузнецов,birth_year=1985,gender=мужской,income=95000,is_twin=false],[]),
    ,element(person,[first_name=Светлана,patronymic=Андреевна,last_name=Кузнецова,birth_year=1987,gender=женский,income=80000,is_twin=false],[]),
    ,element(person,[first_name=Михаил,patronymic=Дмитриевич,last_name=Кузнецов,birth_year=2012,gender=мужской,income=0,is_twin=false],[]),
    ,element(person,[first_name=Николай,patronymic=Сергеевич,last_name=Петров,birth_year=1990,gender=мужской,income=110000,is_twin=false],[]),
    ,element(person,[first_name=Татьяна,patronymic=Николаевна,last_name=Петрова,birth_year=1992,gender=женский,income=87000,is_twin=false],[]),
    ,element(person,[first_name=Екатерина,patronymic=Николаевна,last_name=Петрова,birth_year=2015,gender=женский,income=0,is_twin=false],[]),
    ,element(person,[first_name=Владимир,patronymic=Игоревич,last_name=Смирнов,birth_year=1988,gender=мужской,income=105000,is_twin=false],[]),
    ,element(person,[first_name=Юлия,patronymic=Владимировна,last_name=Смирнова,birth_year=1990,gender=женский,income=88000,is_twin=false],[]),
    ,element(person,[first_name=Артем,patronymic=Владимирович,last_name=Смирнов,birth_year=2018,gender=мужской,income=0,is_twin=false],[]),
    ,element(family,[],[
        ,element(husband,[first_name=Иван,patronymic=Петрович,last_name=Сидоров],[]),
        ,element(wife,[first_name=Мария,patronymic=Ивановна,last_name=Сидорова],[]),
        ,element(children,[],[
            ,element(child,[first_name=Алексей,patronymic=Иванович,last_name=Сидоров],[]),
            ,element(child,[first_name=Анна,patronymic=Ивановна,last_name=Сидорова],[]),
        ]),
    ]),
    ,element(family,[],[
        ,element(husband,[first_name=Петр,patronymic=Алексеевич,last_name=Иванов],[]),
        ,element(wife,[first_name=Елена,patronymic=Сергеевна,last_name=Иванова],[]),
        ,element(children,[],[
            ,element(child,[first_name=Сергей,patronymic=Петрович,last_name=Иванов],[]),
            ,element(child,[first_name=Ольга,patronymic=Петровна,last_name=Иванова],[]),
        ]),
    ]),
    ,element(family,[],[
        ,element(husband,[first_name=Дмитрий,patronymic=Васильевич,last_name=Кузнецов],[]),
        ,element(wife,[first_name=Светлана,patronymic=Андреевна,last_name=Кузнецова],[]),
        ,element(children,[],[
            ,element(child,[first_name=Михаил,patronymic=Дмитриевич,last_name=Кузнецов],[]),
        ]),
    ]),
    ,element(family,[],[
        ,element(husband,[first_name=Николай,patronymic=Сергеевич,last_name=Петров],[]),
        ,element(wife,[first_name=Татьяна,patronymic=Николаевна,last_name=Петрова],[]),
        ,element(children,[],[
            ,element(child,[first_name=Екатерина,patronymic=Николаевна,last_name=Петрова],[]),
        ]),
    ]),
    ,element(family,[],[
        ,element(husband,[first_name=Владимир,patronymic=Игоревич,last_name=Смирнов],[]),
        ,element(wife,[first_name=Юлия,patronymic=Владимировна,last_name=Смирнова],[]),
        ,element(children,[],[
            ,element(child,[first_name=Артем,patronymic=Владимирович,last_name=Смирнов],[]),
        ]),
    ]),
])]]
2025-05-29 07:34:23 - Добавлен человек: ~w ~w ~w-[Иван,Петрович,Сидоров]
2025-05-29 07:34:23 - Добавлен человек: ~w ~w ~w-[Мария,Ивановна,Сидорова]
2025-05-29 07:34:23 - Добавлен человек: ~w ~w ~w-[Алексей,Иванович,Сидоров]
2025-05-29 07:34:23 - Добавлен человек: ~w ~w ~w-[Анна,Ивановна,Сидорова]
2025-05-29 07:34:23 - Добавлен человек: ~w ~w ~w-[Петр,Алексеевич,Иванов]
2025-05-29 07:34:23 - Добавлен человек: ~w ~w ~w-[Елена,Сергеевна,Иванова]
2025-05-29 07:34:23 - Добавлен человек: ~w ~w ~w-[Сергей,Петрович,Иванов]
2025-05-29 07:34:23 - Добавлен человек: ~w ~w ~w-[Ольга,Петровна,Иванова]
2025-05-29 07:34:23 - Добавлен человек: ~w ~w ~w-[Дмитрий,Васильевич,Кузнецов]
2025-05-29 07:34:23 - Добавлен человек: ~w ~w ~w-[Светлана,Андреевна,Кузнецова]
2025-05-29 07:34:23 - Добавлен человек: ~w ~w ~w-[Михаил,Дмитриевич,Кузнецов]
2025-05-29 07:34:23 - Добавлен человек: ~w ~w ~w-[Николай,Сергеевич,Петров]
2025-05-29 07:34:23 - Добавлен человек: ~w ~w ~w-[Татьяна,Николаевна,Петрова]
2025-05-29 07:34:23 - Добавлен человек: ~w ~w ~w-[Екатерина,Николаевна,Петрова]
2025-05-29 07:34:23 - Добавлен человек: ~w ~w ~w-[Владимир,Игоревич,Смирнов]
2025-05-29 07:34:23 - Добавлен человек: ~w ~w ~w-[Юлия,Владимировна,Смирнова]
2025-05-29 07:34:23 - Добавлен человек: ~w ~w ~w-[Артем,Владимирович,Смирнов]
2025-05-29 07:34:23 - Добавлен ребенок: ~w ~w ~w-[Алексей,Иванович,Сидоров]
2025-05-29 07:34:23 - Добавлен ребенок: ~w ~w ~w-[Анна,Ивановна,Сидорова]
2025-05-29 07:34:23 - Добавлена семья: ~w ~w - ~w ~w-[Иван,Сидоров,Мария,Сидорова]
2025-05-29 07:34:23 - Добавлен ребенок: ~w ~w ~w-[Сергей,Петрович,Иванов]
2025-05-29 07:34:23 - Добавлен ребенок: ~w ~w ~w-[Ольга,Петровна,Иванова]
2025-05-29 07:34:23 - Добавлена семья: ~w ~w - ~w ~w-[Петр,Иванов,Елена,Иванова]
2025-05-29 07:34:23 - Добавлен ребенок: ~w ~w ~w-[Михаил,Дмитриевич,Кузнецов]
2025-05-29 07:34:23 - Добавлена семья: ~w ~w - ~w ~w-[Дмитрий,Кузнецов,Светлана,Кузнецова]
2025-05-29 07:34:23 - Добавлен ребенок: ~w ~w ~w-[Екатерина,Николаевна,Петрова]
2025-05-29 07:34:23 - Добавлена семья: ~w ~w - ~w ~w-[Николай,Петров,Татьяна,Петрова]
2025-05-29 07:34:23 - Добавлен ребенок: ~w ~w ~w-[Артем,Владимирович,Смирнов]
2025-05-29 07:34:23 - Добавлена семья: ~w ~w - ~w ~w-[Владимир,Смирнов,Юлия,Смирнова]
2025-05-29 07:34:23 - Запрос: Найти людей с доходом меньше заданной суммы
2025-05-29 07:34:23 - Запрос: Найти детей младше заданного возраста
2025-05-29 07:34:23 - Запрос: Найти неработающих жен, родившихся после заданного года
2025-05-29 07:34:23 - Запрос: Найти детей с разницей в возрасте родителей больше заданной величины
2025-05-29 07:34:23 - Запрос: Найти самого младшего ребенка
2025-05-29 07:34:23 - Сохранение данных в XML-файл
2025-05-29 07:34:23 - Программа завершена
2025-05-29 07:34:56 - Запуск программы
2025-05-29 07:34:56 - Инициализация базы данных из XML
2025-05-29 07:34:56 - Загрузка данных из XML-файла
2025-05-29 07:34:56 - XML успешно загружен, структура: ~w-[[element(people,[],[
    ,element(person,[first_name=Иван,patronymic=Петрович,last_name=Сидоров,birth_year=1980,gender=мужской,income=100000,is_twin=false],[]),
    ,element(person,[first_name=Мария,patronymic=Ивановна,last_name=Сидорова,birth_year=1982,gender=женский,income=85000,is_twin=false],[]),
    ,element(person,[first_name=Алексей,patronymic=Иванович,last_name=Сидоров,birth_year=2010,gender=мужской,income=0,is_twin=true],[]),
    ,element(person,[first_name=Анна,patronymic=Ивановна,last_name=Сидорова,birth_year=2010,gender=женский,income=0,is_twin=true],[]),
    ,element(person,[first_name=Петр,patronymic=Алексеевич,last_name=Иванов,birth_year=1975,gender=мужской,income=120000,is_twin=false],[]),
    ,element(person,[first_name=Елена,patronymic=Сергеевна,last_name=Иванова,birth_year=1978,gender=женский,income=90000,is_twin=false],[]),
    ,element(person,[first_name=Сергей,patronymic=Петрович,last_name=Иванов,birth_year=2005,gender=мужской,income=0,is_twin=false],[]),
    ,element(person,[first_name=Ольга,patronymic=Петровна,last_name=Иванова,birth_year=2005,gender=женский,income=0,is_twin=false],[]),
    ,element(person,[first_name=Дмитрий,patronymic=Васильевич,last_name=Кузнецов,birth_year=1985,gender=мужской,income=95000,is_twin=false],[]),
    ,element(person,[first_name=Светлана,patronymic=Андреевна,last_name=Кузнецова,birth_year=1987,gender=женский,income=80000,is_twin=false],[]),
    ,element(person,[first_name=Михаил,patronymic=Дмитриевич,last_name=Кузнецов,birth_year=2012,gender=мужской,income=0,is_twin=false],[]),
    ,element(person,[first_name=Николай,patronymic=Сергеевич,last_name=Петров,birth_year=1990,gender=мужской,income=110000,is_twin=false],[]),
    ,element(person,[first_name=Татьяна,patronymic=Николаевна,last_name=Петрова,birth_year=1992,gender=женский,income=87000,is_twin=false],[]),
    ,element(person,[first_name=Екатерина,patronymic=Николаевна,last_name=Петрова,birth_year=2015,gender=женский,income=0,is_twin=false],[]),
    ,element(person,[first_name=Владимир,patronymic=Игоревич,last_name=Смирнов,birth_year=1988,gender=мужской,income=105000,is_twin=false],[]),
    ,element(person,[first_name=Юлия,patronymic=Владимировна,last_name=Смирнова,birth_year=1990,gender=женский,income=88000,is_twin=false],[]),
    ,element(person,[first_name=Артем,patronymic=Владимирович,last_name=Смирнов,birth_year=2018,gender=мужской,income=0,is_twin=false],[]),
    ,element(family,[],[
        ,element(husband,[first_name=Иван,patronymic=Петрович,last_name=Сидоров],[]),
        ,element(wife,[first_name=Мария,patronymic=Ивановна,last_name=Сидорова],[]),
        ,element(children,[],[
            ,element(child,[first_name=Алексей,patronymic=Иванович,last_name=Сидоров],[]),
            ,element(child,[first_name=Анна,patronymic=Ивановна,last_name=Сидорова],[]),
        ]),
    ]),
    ,element(family,[],[
        ,element(husband,[first_name=Петр,patronymic=Алексеевич,last_name=Иванов],[]),
        ,element(wife,[first_name=Елена,patronymic=Сергеевна,last_name=Иванова],[]),
        ,element(children,[],[
            ,element(child,[first_name=Сергей,patronymic=Петрович,last_name=Иванов],[]),
            ,element(child,[first_name=Ольга,patronymic=Петровна,last_name=Иванова],[]),
        ]),
    ]),
    ,element(family,[],[
        ,element(husband,[first_name=Дмитрий,patronymic=Васильевич,last_name=Кузнецов],[]),
        ,element(wife,[first_name=Светлана,patronymic=Андреевна,last_name=Кузнецова],[]),
        ,element(children,[],[
            ,element(child,[first_name=Михаил,patronymic=Дмитриевич,last_name=Кузнецов],[]),
        ]),
    ]),
    ,element(family,[],[
        ,element(husband,[first_name=Николай,patronymic=Сергеевич,last_name=Петров],[]),
        ,element(wife,[first_name=Татьяна,patronymic=Николаевна,last_name=Петрова],[]),
        ,element(children,[],[
            ,element(child,[first_name=Екатерина,patronymic=Николаевна,last_name=Петрова],[]),
        ]),
    ]),
    ,element(family,[],[
        ,element(husband,[first_name=Владимир,patronymic=Игоревич,last_name=Смирнов],[]),
        ,element(wife,[first_name=Юлия,patronymic=Владимировна,last_name=Смирнова],[]),
        ,element(children,[],[
            ,element(child,[first_name=Артем,patronymic=Владимирович,last_name=Смирнов],[]),
        ]),
    ]),
])]]
2025-05-29 07:35:03 - Запуск программы
2025-05-29 07:35:03 - Инициализация базы данных из XML
2025-05-29 07:35:03 - Загрузка данных из XML-файла
2025-05-29 07:35:03 - XML успешно загружен, структура: ~w-[[element(people,[],[
    ,element(person,[first_name=Иван,patronymic=Петрович,last_name=Сидоров,birth_year=1980,gender=мужской,income=100000,is_twin=false],[]),
    ,element(person,[first_name=Мария,patronymic=Ивановна,last_name=Сидорова,birth_year=1982,gender=женский,income=85000,is_twin=false],[]),
    ,element(person,[first_name=Алексей,patronymic=Иванович,last_name=Сидоров,birth_year=2010,gender=мужской,income=0,is_twin=true],[]),
    ,element(person,[first_name=Анна,patronymic=Ивановна,last_name=Сидорова,birth_year=2010,gender=женский,income=0,is_twin=true],[]),
    ,element(person,[first_name=Петр,patronymic=Алексеевич,last_name=Иванов,birth_year=1975,gender=мужской,income=120000,is_twin=false],[]),
    ,element(person,[first_name=Елена,patronymic=Сергеевна,last_name=Иванова,birth_year=1978,gender=женский,income=90000,is_twin=false],[]),
    ,element(person,[first_name=Сергей,patronymic=Петрович,last_name=Иванов,birth_year=2005,gender=мужской,income=0,is_twin=false],[]),
    ,element(person,[first_name=Ольга,patronymic=Петровна,last_name=Иванова,birth_year=2005,gender=женский,income=0,is_twin=false],[]),
    ,element(person,[first_name=Дмитрий,patronymic=Васильевич,last_name=Кузнецов,birth_year=1985,gender=мужской,income=95000,is_twin=false],[]),
    ,element(person,[first_name=Светлана,patronymic=Андреевна,last_name=Кузнецова,birth_year=1987,gender=женский,income=80000,is_twin=false],[]),
    ,element(person,[first_name=Михаил,patronymic=Дмитриевич,last_name=Кузнецов,birth_year=2012,gender=мужской,income=0,is_twin=false],[]),
    ,element(person,[first_name=Николай,patronymic=Сергеевич,last_name=Петров,birth_year=1990,gender=мужской,income=110000,is_twin=false],[]),
    ,element(person,[first_name=Татьяна,patronymic=Николаевна,last_name=Петрова,birth_year=1992,gender=женский,income=87000,is_twin=false],[]),
    ,element(person,[first_name=Екатерина,patronymic=Николаевна,last_name=Петрова,birth_year=2015,gender=женский,income=0,is_twin=false],[]),
    ,element(person,[first_name=Владимир,patronymic=Игоревич,last_name=Смирнов,birth_year=1988,gender=мужской,income=105000,is_twin=false],[]),
    ,element(person,[first_name=Юлия,patronymic=Владимировна,last_name=Смирнова,birth_year=1990,gender=женский,income=88000,is_twin=false],[]),
    ,element(person,[first_name=Артем,patronymic=Владимирович,last_name=Смирнов,birth_year=2018,gender=мужской,income=0,is_twin=false],[]),
    ,element(family,[],[
        ,element(husband,[first_name=Иван,patronymic=Петрович,last_name=Сидоров],[]),
        ,element(wife,[first_name=Мария,patronymic=Ивановна,last_name=Сидорова],[]),
        ,element(children,[],[
            ,element(child,[first_name=Алексей,patronymic=Иванович,last_name=Сидоров],[]),
            ,element(child,[first_name=Анна,patronymic=Ивановна,last_name=Сидорова],[]),
        ]),
    ]),
    ,element(family,[],[
        ,element(husband,[first_name=Петр,patronymic=Алексеевич,last_name=Иванов],[]),
        ,element(wife,[first_name=Елена,patronymic=Сергеевна,last_name=Иванова],[]),
        ,element(children,[],[
            ,element(child,[first_name=Сергей,patronymic=Петрович,last_name=Иванов],[]),
            ,element(child,[first_name=Ольга,patronymic=Петровна,last_name=Иванова],[]),
        ]),
    ]),
    ,element(family,[],[
        ,element(husband,[first_name=Дмитрий,patronymic=Васильевич,last_name=Кузнецов],[]),
        ,element(wife,[first_name=Светлана,patronymic=Андреевна,last_name=Кузнецова],[]),
        ,element(children,[],[
            ,element(child,[first_name=Михаил,patronymic=Дмитриевич,last_name=Кузнецов],[]),
        ]),
    ]),
    ,element(family,[],[
        ,element(husband,[first_name=Николай,patronymic=Сергеевич,last_name=Петров],[]),
        ,element(wife,[first_name=Татьяна,patronymic=Николаевна,last_name=Петрова],[]),
        ,element(children,[],[
            ,element(child,[first_name=Екатерина,patronymic=Николаевна,last_name=Петрова],[]),
        ]),
    ]),
    ,element(family,[],[
        ,element(husband,[first_name=Владимир,patronymic=Игоревич,last_name=Смирнов],[]),
        ,element(wife,[first_name=Юлия,patronymic=Владимировна,last_name=Смирнова],[]),
        ,element(children,[],[
            ,element(child,[first_name=Артем,patronymic=Владимирович,last_name=Смирнов],[]),
        ]),
    ]),
])]]
2025-05-29 07:35:21 - Запуск программы
2025-05-29 07:35:21 - Инициализация базы данных из XML
2025-05-29 07:35:21 - Загрузка данных из XML-файла
2025-05-29 07:35:21 - XML успешно загружен, структура: ~w-[[element(people,[],[
    ,element(person,[first_name=Иван,patronymic=Петрович,last_name=Сидоров,birth_year=1980,gender=мужской,income=100000,is_twin=false],[]),
    ,element(person,[first_name=Мария,patronymic=Ивановна,last_name=Сидорова,birth_year=1982,gender=женский,income=85000,is_twin=false],[]),
    ,element(person,[first_name=Алексей,patronymic=Иванович,last_name=Сидоров,birth_year=2010,gender=мужской,income=0,is_twin=true],[]),
    ,element(person,[first_name=Анна,patronymic=Ивановна,last_name=Сидорова,birth_year=2010,gender=женский,income=0,is_twin=true],[]),
    ,element(person,[first_name=Петр,patronymic=Алексеевич,last_name=Иванов,birth_year=1975,gender=мужской,income=120000,is_twin=false],[]),
    ,element(person,[first_name=Елена,patronymic=Сергеевна,last_name=Иванова,birth_year=1978,gender=женский,income=90000,is_twin=false],[]),
    ,element(person,[first_name=Сергей,patronymic=Петрович,last_name=Иванов,birth_year=2005,gender=мужской,income=0,is_twin=false],[]),
    ,element(person,[first_name=Ольга,patronymic=Петровна,last_name=Иванова,birth_year=2005,gender=женский,income=0,is_twin=false],[]),
    ,element(person,[first_name=Дмитрий,patronymic=Васильевич,last_name=Кузнецов,birth_year=1985,gender=мужской,income=95000,is_twin=false],[]),
    ,element(person,[first_name=Светлана,patronymic=Андреевна,last_name=Кузнецова,birth_year=1987,gender=женский,income=80000,is_twin=false],[]),
    ,element(person,[first_name=Михаил,patronymic=Дмитриевич,last_name=Кузнецов,birth_year=2012,gender=мужской,income=0,is_twin=false],[]),
    ,element(person,[first_name=Николай,patronymic=Сергеевич,last_name=Петров,birth_year=1990,gender=мужской,income=110000,is_twin=false],[]),
    ,element(person,[first_name=Татьяна,patronymic=Николаевна,last_name=Петрова,birth_year=1992,gender=женский,income=87000,is_twin=false],[]),
    ,element(person,[first_name=Екатерина,patronymic=Николаевна,last_name=Петрова,birth_year=2015,gender=женский,income=0,is_twin=false],[]),
    ,element(person,[first_name=Владимир,patronymic=Игоревич,last_name=Смирнов,birth_year=1988,gender=мужской,income=105000,is_twin=false],[]),
    ,element(person,[first_name=Юлия,patronymic=Владимировна,last_name=Смирнова,birth_year=1990,gender=женский,income=88000,is_twin=false],[]),
    ,element(person,[first_name=Артем,patronymic=Владимирович,last_name=Смирнов,birth_year=2018,gender=мужской,income=0,is_twin=false],[]),
    ,element(family,[],[
        ,element(husband,[first_name=Иван,patronymic=Петрович,last_name=Сидоров],[]),
        ,element(wife,[first_name=Мария,patronymic=Ивановна,last_name=Сидорова],[]),
        ,element(children,[],[
            ,element(child,[first_name=Алексей,patronymic=Иванович,last_name=Сидоров],[]),
            ,element(child,[first_name=Анна,patronymic=Ивановна,last_name=Сидорова],[]),
        ]),
    ]),
    ,element(family,[],[
        ,element(husband,[first_name=Петр,patronymic=Алексеевич,last_name=Иванов],[]),
        ,element(wife,[first_name=Елена,patronymic=Сергеевна,last_name=Иванова],[]),
        ,element(children,[],[
            ,element(child,[first_name=Сергей,patronymic=Петрович,last_name=Иванов],[]),
            ,element(child,[first_name=Ольга,patronymic=Петровна,last_name=Иванова],[]),
        ]),
    ]),
    ,element(family,[],[
        ,element(husband,[first_name=Дмитрий,patronymic=Васильевич,last_name=Кузнецов],[]),
        ,element(wife,[first_name=Светлана,patronymic=Андреевна,last_name=Кузнецова],[]),
        ,element(children,[],[
            ,element(child,[first_name=Михаил,patronymic=Дмитриевич,last_name=Кузнецов],[]),
        ]),
    ]),
    ,element(family,[],[
        ,element(husband,[first_name=Николай,patronymic=Сергеевич,last_name=Петров],[]),
        ,element(wife,[first_name=Татьяна,patronymic=Николаевна,last_name=Петрова],[]),
        ,element(children,[],[
            ,element(child,[first_name=Екатерина,patronymic=Николаевна,last_name=Петрова],[]),
        ]),
    ]),
    ,element(family,[],[
        ,element(husband,[first_name=Владимир,patronymic=Игоревич,last_name=Смирнов],[]),
        ,element(wife,[first_name=Юлия,patronymic=Владимировна,last_name=Смирнова],[]),
        ,element(children,[],[
            ,element(child,[first_name=Артем,patronymic=Владимирович,last_name=Смирнов],[]),
        ]),
    ]),
])]]
2025-05-29 07:35:21 - Добавлен человек: ~w ~w ~w-[Иван,Петрович,Сидоров]
2025-05-29 07:35:21 - Добавлен человек: ~w ~w ~w-[Мария,Ивановна,Сидорова]
2025-05-29 07:35:21 - Добавлен человек: ~w ~w ~w-[Алексей,Иванович,Сидоров]
2025-05-29 07:35:21 - Добавлен человек: ~w ~w ~w-[Анна,Ивановна,Сидорова]
2025-05-29 07:35:21 - Добавлен человек: ~w ~w ~w-[Петр,Алексеевич,Иванов]
2025-05-29 07:35:21 - Добавлен человек: ~w ~w ~w-[Елена,Сергеевна,Иванова]
2025-05-29 07:35:21 - Добавлен человек: ~w ~w ~w-[Сергей,Петрович,Иванов]
2025-05-29 07:35:21 - Добавлен человек: ~w ~w ~w-[Ольга,Петровна,Иванова]
2025-05-29 07:35:21 - Добавлен человек: ~w ~w ~w-[Дмитрий,Васильевич,Кузнецов]
2025-05-29 07:35:21 - Добавлен человек: ~w ~w ~w-[Светлана,Андреевна,Кузнецова]
2025-05-29 07:35:21 - Добавлен человек: ~w ~w ~w-[Михаил,Дмитриевич,Кузнецов]
2025-05-29 07:35:21 - Добавлен человек: ~w ~w ~w-[Николай,Сергеевич,Петров]
2025-05-29 07:35:21 - Добавлен человек: ~w ~w ~w-[Татьяна,Николаевна,Петрова]
2025-05-29 07:35:21 - Добавлен человек: ~w ~w ~w-[Екатерина,Николаевна,Петрова]
2025-05-29 07:35:21 - Добавлен человек: ~w ~w ~w-[Владимир,Игоревич,Смирнов]
2025-05-29 07:35:21 - Добавлен человек: ~w ~w ~w-[Юлия,Владимировна,Смирнова]
2025-05-29 07:35:21 - Добавлен человек: ~w ~w ~w-[Артем,Владимирович,Смирнов]
2025-05-29 07:35:21 - Добавлен ребенок: ~w ~w ~w-[Алексей,Иванович,Сидоров]
2025-05-29 07:35:21 - Добавлен ребенок: ~w ~w ~w-[Анна,Ивановна,Сидорова]
2025-05-29 07:35:21 - Добавлена семья: ~w ~w - ~w ~w-[Иван,Сидоров,Мария,Сидорова]
2025-05-29 07:35:21 - Добавлен ребенок: ~w ~w ~w-[Сергей,Петрович,Иванов]
2025-05-29 07:35:21 - Добавлен ребенок: ~w ~w ~w-[Ольга,Петровна,Иванова]
2025-05-29 07:35:21 - Добавлена семья: ~w ~w - ~w ~w-[Петр,Иванов,Елена,Иванова]
2025-05-29 07:35:21 - Добавлен ребенок: ~w ~w ~w-[Михаил,Дмитриевич,Кузнецов]
2025-05-29 07:35:21 - Добавлена семья: ~w ~w - ~w ~w-[Дмитрий,Кузнецов,Светлана,Кузнецова]
2025-05-29 07:35:21 - Добавлен ребенок: ~w ~w ~w-[Екатерина,Николаевна,Петрова]
2025-05-29 07:35:21 - Добавлена семья: ~w ~w - ~w ~w-[Николай,Петров,Татьяна,Петрова]
2025-05-29 07:35:21 - Добавлен ребенок: ~w ~w ~w-[Артем,Владимирович,Смирнов]
2025-05-29 07:35:21 - Добавлена семья: ~w ~w - ~w ~w-[Владимир,Смирнов,Юлия,Смирнова]
2025-05-29 07:35:21 - Запрос: Найти людей с доходом меньше заданной суммы
2025-05-29 07:35:21 - Запрос: Найти детей младше заданного возраста
2025-05-29 07:35:21 - Запрос: Найти неработающих жен, родившихся после заданного года
2025-05-29 07:35:21 - Запрос: Найти детей с разницей в возрасте родителей больше заданной величины
2025-05-29 07:35:21 - Запрос: Найти самого младшего ребенка
2025-05-29 07:35:21 - Сохранение данных в XML-файл
2025-05-29 07:35:21 - Программа завершена
